Archive member included to satisfy reference by file (symbol)

c:/program files (x86)/atmel/studio/7.0/toolchain/avr8/avr8-gnu-toolchain/bin/../lib/gcc/avr/5.4.0/avrxmega6\libgcc.a(_udivmodsi4.o)
                              src/ASF/xmega/drivers/spi/spi.o (__udivmodsi4)
c:/program files (x86)/atmel/studio/7.0/toolchain/avr8/avr8-gnu-toolchain/bin/../lib/gcc/avr/5.4.0/avrxmega6\libgcc.a(_exit.o)
                              C:/Program Files (x86)/Atmel/Studio/7.0/Packs/atmel/XMEGAA_DFP/1.3.146/gcc/dev/atxmega256a3bu/avrxmega6/crtatxmega256a3bu.o (exit)
c:/program files (x86)/atmel/studio/7.0/toolchain/avr8/avr8-gnu-toolchain/bin/../lib/gcc/avr/5.4.0/avrxmega6\libgcc.a(_copy_data.o)
                              src/ASF/common/services/gfx_mono/gfx_mono_menu.o (__do_copy_data)
c:/program files (x86)/atmel/studio/7.0/toolchain/avr8/avr8-gnu-toolchain/bin/../lib/gcc/avr/5.4.0/avrxmega6\libgcc.a(_clear_bss.o)
                              src/ASF/common/services/gfx_mono/gfx_mono_c12832_a1z.o (__do_clear_bss)
c:/program files (x86)/atmel/studio/7.0/toolchain/avr8/avr8-gnu-toolchain/bin/../lib/gcc/avr/5.4.0/../../../../avr/lib/avrxmega6\libc.a(memcpy.o)
                              src/ASF/xmega/drivers/nvm/nvm.o (memcpy)
c:/program files (x86)/atmel/studio/7.0/toolchain/avr8/avr8-gnu-toolchain/bin/../lib/gcc/avr/5.4.0/../../../../avr/lib/avrxmega6\libc.a(strcmp.o)
                              src/main.o (strcmp)
c:/program files (x86)/atmel/studio/7.0/toolchain/avr8/avr8-gnu-toolchain/bin/../lib/gcc/avr/5.4.0/../../../../avr/lib/avrxmega6\libc.a(snprintf.o)
                              src/main.o (snprintf)
c:/program files (x86)/atmel/studio/7.0/toolchain/avr8/avr8-gnu-toolchain/bin/../lib/gcc/avr/5.4.0/../../../../avr/lib/avrxmega6\libc.a(vfprintf_std.o)
                              c:/program files (x86)/atmel/studio/7.0/toolchain/avr8/avr8-gnu-toolchain/bin/../lib/gcc/avr/5.4.0/../../../../avr/lib/avrxmega6\libc.a(snprintf.o) (vfprintf)
c:/program files (x86)/atmel/studio/7.0/toolchain/avr8/avr8-gnu-toolchain/bin/../lib/gcc/avr/5.4.0/../../../../avr/lib/avrxmega6\libc.a(strnlen_P.o)
                              c:/program files (x86)/atmel/studio/7.0/toolchain/avr8/avr8-gnu-toolchain/bin/../lib/gcc/avr/5.4.0/../../../../avr/lib/avrxmega6\libc.a(vfprintf_std.o) (strnlen_P)
c:/program files (x86)/atmel/studio/7.0/toolchain/avr8/avr8-gnu-toolchain/bin/../lib/gcc/avr/5.4.0/../../../../avr/lib/avrxmega6\libc.a(strnlen.o)
                              c:/program files (x86)/atmel/studio/7.0/toolchain/avr8/avr8-gnu-toolchain/bin/../lib/gcc/avr/5.4.0/../../../../avr/lib/avrxmega6\libc.a(vfprintf_std.o) (strnlen)
c:/program files (x86)/atmel/studio/7.0/toolchain/avr8/avr8-gnu-toolchain/bin/../lib/gcc/avr/5.4.0/../../../../avr/lib/avrxmega6\libc.a(fputc.o)
                              c:/program files (x86)/atmel/studio/7.0/toolchain/avr8/avr8-gnu-toolchain/bin/../lib/gcc/avr/5.4.0/../../../../avr/lib/avrxmega6\libc.a(vfprintf_std.o) (fputc)
c:/program files (x86)/atmel/studio/7.0/toolchain/avr8/avr8-gnu-toolchain/bin/../lib/gcc/avr/5.4.0/../../../../avr/lib/avrxmega6\libc.a(ultoa_invert.o)
                              c:/program files (x86)/atmel/studio/7.0/toolchain/avr8/avr8-gnu-toolchain/bin/../lib/gcc/avr/5.4.0/../../../../avr/lib/avrxmega6\libc.a(vfprintf_std.o) (__ultoa_invert)

Allocating common symbols
Common symbol       size              file

sleepmgr_locks      0x6               src/ASF/common/services/sleepmgr/xmega/sleepmgr.o

Discarded input sections

 .data          0x00000000        0x0 C:/Program Files (x86)/Atmel/Studio/7.0/Packs/atmel/XMEGAA_DFP/1.3.146/gcc/dev/atxmega256a3bu/avrxmega6/crtatxmega256a3bu.o
 .bss           0x00000000        0x0 C:/Program Files (x86)/Atmel/Studio/7.0/Packs/atmel/XMEGAA_DFP/1.3.146/gcc/dev/atxmega256a3bu/avrxmega6/crtatxmega256a3bu.o
 .group         0x00000000        0x8 src/ASF/common/components/display/st7565r/st7565r.o
 .group         0x00000000        0x8 src/ASF/common/components/display/st7565r/st7565r.o
 .group         0x00000000        0x8 src/ASF/common/components/display/st7565r/st7565r.o
 .group         0x00000000        0x8 src/ASF/common/components/display/st7565r/st7565r.o
 .group         0x00000000        0x8 src/ASF/common/components/display/st7565r/st7565r.o
 .group         0x00000000        0x8 src/ASF/common/components/display/st7565r/st7565r.o
 .group         0x00000000        0x8 src/ASF/common/components/display/st7565r/st7565r.o
 .group         0x00000000        0x8 src/ASF/common/components/display/st7565r/st7565r.o
 .group         0x00000000        0x8 src/ASF/common/components/display/st7565r/st7565r.o
 .group         0x00000000        0x8 src/ASF/common/components/display/st7565r/st7565r.o
 .group         0x00000000        0x8 src/ASF/common/components/display/st7565r/st7565r.o
 .group         0x00000000        0x8 src/ASF/common/components/display/st7565r/st7565r.o
[...]
Memory Configuration

Name             Origin             Length             Attributes
text             0x00000000         0x00042000         xr
data             0x00802000         0x00004000         rw !x
eeprom           0x00810000         0x00001000         rw !x
fuse             0x00820000         0x00000006         rw !x
lock             0x00830000         0x00000400         rw !x
signature        0x00840000         0x00000400         rw !x
user_signatures  0x00850000         0x00000400         rw !x
*default*        0x00000000         0xffffffff

Linker script and memory map

LOAD C:/Program Files (x86)/Atmel/Studio/7.0/Packs/atmel/XMEGAA_DFP/1.3.146/gcc/dev/atxmega256a3bu/avrxmega6/crtatxmega256a3bu.o
LOAD src/ASF/common/components/display/st7565r/st7565r.o
LOAD src/ASF/common/services/clock/xmega/sysclk.o
LOAD src/ASF/common/services/gfx_mono/gfx_mono_c12832_a1z.o
LOAD src/ASF/common/services/gfx_mono/gfx_mono_framebuffer.o
LOAD src/ASF/common/services/gfx_mono/gfx_mono_generic.o
LOAD src/ASF/common/services/gfx_mono/gfx_mono_menu.o
LOAD src/ASF/common/services/gfx_mono/gfx_mono_text.o
LOAD src/ASF/common/services/gfx_mono/sysfont.o
LOAD src/ASF/common/services/ioport/xmega/ioport_compat.o
LOAD src/ASF/common/services/sleepmgr/xmega/sleepmgr.o
LOAD src/ASF/common/services/spi/xmega_spi/spi_master.o
LOAD src/ASF/common/services/spi/xmega_usart_spi/usart_spi.o
LOAD src/ASF/xmega/boards/xmega_a3bu_xplained/init.o
LOAD src/ASF/xmega/drivers/cpu/ccp.o
LOAD src/ASF/xmega/drivers/nvm/nvm.o
LOAD src/ASF/xmega/drivers/nvm/nvm_asm.o
LOAD src/ASF/xmega/drivers/spi/spi.o
LOAD src/ASF/xmega/drivers/tc/tc.o
LOAD src/ASF/xmega/drivers/usart/usart.o
LOAD src/main.o
START GROUP
LOAD c:/program files (x86)/atmel/studio/7.0/toolchain/avr8/avr8-gnu-toolchain/bin/../lib/gcc/avr/5.4.0/../../../../avr/lib/avrxmega6\libm.a
END GROUP
Address of section .BOOT set to 0x40000
START GROUP
LOAD c:/program files (x86)/atmel/studio/7.0/toolchain/avr8/avr8-gnu-toolchain/bin/../lib/gcc/avr/5.4.0/avrxmega6\libgcc.a
LOAD c:/program files (x86)/atmel/studio/7.0/toolchain/avr8/avr8-gnu-toolchain/bin/../lib/gcc/avr/5.4.0/../../../../avr/lib/avrxmega6\libm.a
LOAD c:/program files (x86)/atmel/studio/7.0/toolchain/avr8/avr8-gnu-toolchain/bin/../lib/gcc/avr/5.4.0/../../../../avr/lib/avrxmega6\libc.a
LOAD C:/Program Files (x86)/Atmel/Studio/7.0/Packs/atmel/XMEGAA_DFP/1.3.146/gcc/dev/atxmega256a3bu/avrxmega6\libatxmega256a3bu.a
END GROUP
                [0x00000000]                __TEXT_REGION_ORIGIN__ = DEFINED (__TEXT_REGION_ORIGIN__)?__TEXT_REGION_ORIGIN__:0x0
                [0x00802000]                __DATA_REGION_ORIGIN__ = DEFINED (__DATA_REGION_ORIGIN__)?__DATA_REGION_ORIGIN__:0x802000
                [0x00042000]                __TEXT_REGION_LENGTH__ = DEFINED (__TEXT_REGION_LENGTH__)?__TEXT_REGION_LENGTH__:0x100000
                [0x00004000]                __DATA_REGION_LENGTH__ = DEFINED (__DATA_REGION_LENGTH__)?__DATA_REGION_LENGTH__:0xffa0
                [0x00001000]                __EEPROM_REGION_LENGTH__ = DEFINED (__EEPROM_REGION_LENGTH__)?__EEPROM_REGION_LENGTH__:0x10000
                [0x00000006]                __FUSE_REGION_LENGTH__ = DEFINED (__FUSE_REGION_LENGTH__)?__FUSE_REGION_LENGTH__:0x400
                0x00000400                __LOCK_REGION_LENGTH__ = DEFINED (__LOCK_REGION_LENGTH__)?__LOCK_REGION_LENGTH__:0x400
                0x00000400                __SIGNATURE_REGION_LENGTH__ = DEFINED (__SIGNATURE_REGION_LENGTH__)?__SIGNATURE_REGION_LENGTH__:0x400
                0x00000400                __USER_SIGNATURE_REGION_LENGTH__ = DEFINED (__USER_SIGNATURE_REGION_LENGTH__)?__USER_SIGNATURE_REGION_LENGTH__:0x400

.hash
 *(.hash)

.dynsym
 *(.dynsym)

.dynstr
 *(.dynstr)

.gnu.version
 *(.gnu.version)

.gnu.version_d
 *(.gnu.version_d)

.gnu.version_r
 *(.gnu.version_r)

.rel.init
 *(.rel.init)

.rela.init
 *(.rela.init)

.rel.text
 *(.rel.text)
 *(.rel.text.*)
 *(.rel.gnu.linkonce.t*)

.rela.text
 *(.rela.text)
 *(.rela.text.*)
 *(.rela.gnu.linkonce.t*)

.rel.fini
 *(.rel.fini)

.rela.fini
 *(.rela.fini)

.rel.rodata
 *(.rel.rodata)
 *(.rel.rodata.*)
 *(.rel.gnu.linkonce.r*)

.rela.rodata
 *(.rela.rodata)
 *(.rela.rodata.*)
 *(.rela.gnu.linkonce.r*)

.rel.data
 *(.rel.data)
 *(.rel.data.*)
 *(.rel.gnu.linkonce.d*)

.rela.data
 *(.rela.data)
 *(.rela.data.*)
 *(.rela.gnu.linkonce.d*)

.rel.ctors
 *(.rel.ctors)

.rela.ctors
 *(.rela.ctors)

.rel.dtors
 *(.rel.dtors)

.rela.dtors
 *(.rela.dtors)

.rel.got
 *(.rel.got)

.rela.got
 *(.rela.got)

.rel.bss
 *(.rel.bss)

.rela.bss
 *(.rela.bss)

.rel.plt
 *(.rel.plt)

.rela.plt
 *(.rela.plt)

.text           0x00000000     0x32c6
 *(.vectors)
 .vectors       0x00000000      0x1fc C:/Program Files (x86)/Atmel/Studio/7.0/Packs/atmel/XMEGAA_DFP/1.3.146/gcc/dev/atxmega256a3bu/avrxmega6/crtatxmega256a3bu.o
                0x00000000                __vector_default
                0x00000000                __vectors
 *(.vectors)
 *(.progmem.gcc*)
                0x000001fc                . = ALIGN (0x2)
                0x000001fc                __trampolines_start = .
 *(.trampolines)
 .trampolines   0x000001fc        0x0 linker stubs
 *(.trampolines*)
                0x000001fc                __trampolines_end = .
 *libprintf_flt.a:*(.progmem.data)
 *libc.a:*(.progmem.data)
 *(.progmem*)
 .progmem.data.sysfont_glyphs
                0x000001fc      0x292 src/ASF/common/services/gfx_mono/sysfont.o
                0x0000048e                . = ALIGN (0x2)
 *(.jumptables)
 *(.jumptables*)
 *(.lowtext)
 *(.lowtext*)
                0x0000048e                __ctors_start = .
 *(.ctors)
                0x0000048e                __ctors_end = .
                0x0000048e                __dtors_start = .
 *(.dtors)
                0x0000048e                __dtors_end = .
 SORT(*)(.ctors)
 SORT(*)(.dtors)
 *(.init0)
 .init0         0x0000048e        0x0 C:/Program Files (x86)/Atmel/Studio/7.0/Packs/atmel/XMEGAA_DFP/1.3.146/gcc/dev/atxmega256a3bu/avrxmega6/crtatxmega256a3bu.o
                0x0000048e                __init
 *(.init0)
 *(.init1)
 *(.init1)
 *(.init2)
 .init2         0x0000048e       0x10 C:/Program Files (x86)/Atmel/Studio/7.0/Packs/atmel/XMEGAA_DFP/1.3.146/gcc/dev/atxmega256a3bu/avrxmega6/crtatxmega256a3bu.o
 *(.init2)
 *(.init3)
 *(.init3)
 *(.init4)
 .init4         0x0000049e       0x1a c:/program files (x86)/atmel/studio/7.0/toolchain/avr8/avr8-gnu-toolchain/bin/../lib/gcc/avr/5.4.0/avrxmega6\libgcc.a(_copy_data.o)
                0x0000049e                __do_copy_data
 .init4         0x000004b8       0x10 c:/program files (x86)/atmel/studio/7.0/toolchain/avr8/avr8-gnu-toolchain/bin/../lib/gcc/avr/5.4.0/avrxmega6\libgcc.a(_clear_bss.o)
                0x000004b8                __do_clear_bss
 *(.init4)
 *(.init5)
 *(.init5)
 *(.init6)
 *(.init6)
 *(.init7)
 *(.init7)
 *(.init8)
 *(.init8)
 *(.init9)
 .init9         0x000004c8        0x8 C:/Program Files (x86)/Atmel/Studio/7.0/Packs/atmel/XMEGAA_DFP/1.3.146/gcc/dev/atxmega256a3bu/avrxmega6/crtatxmega256a3bu.o
 *(.init9)
 *(.text)
 .text          0x000004d0        0x2 C:/Program Files (x86)/Atmel/Studio/7.0/Packs/atmel/XMEGAA_DFP/1.3.146/gcc/dev/atxmega256a3bu/avrxmega6/crtatxmega256a3bu.o
                0x000004d0                __vector_38
                0x000004d0                __vector_104
                0x000004d0                __vector_63
                0x000004d0                __vector_28
                0x000004d0                __vector_67
                0x000004d0                __vector_1
                0x000004d0                __vector_119
                0x000004d0                __vector_32
                0x000004d0                __vector_75
                0x000004d0                __vector_71
                0x000004d0                __vector_91
                0x000004d0                __vector_34
                0x000004d0                __vector_62
                0x000004d0                __vector_102
                0x000004d0                __vector_24
                0x000004d0                __vector_12
                0x000004d0                __vector_69
                0x000004d0                __vector_90
                0x000004d0                __vector_46
                0x000004d0                __bad_interrupt
                0x000004d0                __vector_122
                0x000004d0                __vector_72
                0x000004d0                __vector_114
                0x000004d0                __vector_6
                0x000004d0                __vector_31
                0x000004d0                __vector_92
                0x000004d0                __vector_35
                0x000004d0                __vector_74
                0x000004d0                __vector_117
                0x000004d0                __vector_39
                0x000004d0                __vector_107
                0x000004d0                __vector_3
                0x000004d0                __vector_105
                0x000004d0                __vector_98
                0x000004d0                __vector_68
                0x000004d0                __vector_30
                0x000004d0                __vector_73
                0x000004d0                __vector_45
                0x000004d0                __vector_25
                0x000004d0                __vector_93
                0x000004d0                __vector_61
                0x000004d0                __vector_11
                0x000004d0                __vector_99
                0x000004d0                __vector_13
                0x000004d0                __vector_7
                0x000004d0                __vector_125
                0x000004d0                __vector_123
                0x000004d0                __vector_41
                0x000004d0                __vector_100
                0x000004d0                __vector_101
                0x000004d0                __vector_64
                0x000004d0                __vector_88
                0x000004d0                __vector_43
                0x000004d0                __vector_27
                0x000004d0                __vector_5
                0x000004d0                __vector_33
                0x000004d0                __vector_76
                0x000004d0                __vector_115
                0x000004d0                __vector_37
                0x000004d0                __vector_95
                0x000004d0                __vector_103
                0x000004d0                __vector_96
                0x000004d0                __vector_89
                0x000004d0                __vector_4
                0x000004d0                __vector_44
                0x000004d0                __vector_106
                0x000004d0                __vector_118
                0x000004d0                __vector_9
                0x000004d0                __vector_2
                0x000004d0                __vector_66
                0x000004d0                __vector_36
                0x000004d0                __vector_58
                0x000004d0                __vector_70
                0x000004d0                __vector_29
                0x000004d0                __vector_60
                0x000004d0                __vector_121
                0x000004d0                __vector_40
                0x000004d0                __vector_94
                0x000004d0                __vector_126
                0x000004d0                __vector_8
                0x000004d0                __vector_26
                0x000004d0                __vector_124
                0x000004d0                __vector_116
                0x000004d0                __vector_57
                0x000004d0                __vector_10
                0x000004d0                __vector_59
                0x000004d0                __vector_97
                0x000004d0                __vector_42
                0x000004d0                __vector_87
                0x000004d0                __vector_65
                0x000004d0                __vector_120
                0x000004d2                . = ALIGN (0x2)
 *(.text.*)
 .text.__portable_avr_delay_cycles
                0x000004d2       0x16 src/ASF/common/components/display/st7565r/st7565r.o
 .text.st7565r_init
                0x000004e8      0x388 src/ASF/common/components/display/st7565r/st7565r.o
                0x000004e8                st7565r_init
 .text.sysclk_init
                0x00000870       0x20 src/ASF/common/services/clock/xmega/sysclk.o
                0x00000870                sysclk_init
 .text.sysclk_enable_module
                0x00000890       0x2c src/ASF/common/services/clock/xmega/sysclk.o
                0x00000890                sysclk_enable_module
 .text.gfx_mono_st7565r_put_byte
                0x000008bc      0x14e src/ASF/common/services/gfx_mono/gfx_mono_c12832_a1z.o
                0x000008bc                gfx_mono_st7565r_put_byte
 .text.gfx_mono_st7565r_init
                0x00000a0a       0x84 src/ASF/common/services/gfx_mono/gfx_mono_c12832_a1z.o
                0x00000a0a                gfx_mono_st7565r_init
 .text.gfx_mono_st7565r_draw_pixel
                0x00000a8e       0x6c src/ASF/common/services/gfx_mono/gfx_mono_c12832_a1z.o
                0x00000a8e                gfx_mono_st7565r_draw_pixel
 .text.gfx_mono_st7565r_get_byte
                0x00000afa        0x4 src/ASF/common/services/gfx_mono/gfx_mono_c12832_a1z.o
                0x00000afa                gfx_mono_st7565r_get_byte
 .text.gfx_mono_set_framebuffer
                0x00000afe        0xa src/ASF/common/services/gfx_mono/gfx_mono_framebuffer.o
                0x00000afe                gfx_mono_set_framebuffer
 .text.gfx_mono_framebuffer_put_byte
                0x00000b08       0x1c src/ASF/common/services/gfx_mono/gfx_mono_framebuffer.o
                0x00000b08                gfx_mono_framebuffer_put_byte
 .text.gfx_mono_framebuffer_get_byte
                0x00000b24       0x1c src/ASF/common/services/gfx_mono/gfx_mono_framebuffer.o
                0x00000b24                gfx_mono_framebuffer_get_byte
 .text.gfx_mono_generic_draw_horizontal_line
                0x00000b40       0xc4 src/ASF/common/services/gfx_mono/gfx_mono_generic.o
                0x00000b40                gfx_mono_generic_draw_horizontal_line
 .text.gfx_mono_generic_draw_filled_rect
                0x00000c04       0x34 src/ASF/common/services/gfx_mono/gfx_mono_generic.o
                0x00000c04                gfx_mono_generic_draw_filled_rect
 .text.gfx_mono_draw_char
                0x00000c38       0xba src/ASF/common/services/gfx_mono/gfx_mono_text.o
                0x00000c38                gfx_mono_draw_char
 .text.gfx_mono_draw_string
                0x00000cf2       0x52 src/ASF/common/services/gfx_mono/gfx_mono_text.o
                0x00000cf2                gfx_mono_draw_string
 .text.ioport_configure_port_pin
                0x00000d44       0x4e src/ASF/common/services/ioport/xmega/ioport_compat.o
                0x00000d44                ioport_configure_port_pin
 .text.usart_spi_init
                0x00000d92       0x5e src/ASF/common/services/spi/xmega_usart_spi/usart_spi.o
                0x00000d92                usart_spi_init
 .text.usart_spi_setup_device
                0x00000df0       0x36 src/ASF/common/services/spi/xmega_usart_spi/usart_spi.o
                0x00000df0                usart_spi_setup_device
 .text.usart_spi_select_device
                0x00000e26       0x2c src/ASF/common/services/spi/xmega_usart_spi/usart_spi.o
                0x00000e26                usart_spi_select_device
 .text.usart_spi_deselect_device
                0x00000e52       0x2c src/ASF/common/services/spi/xmega_usart_spi/usart_spi.o
                0x00000e52                usart_spi_deselect_device
 .text.board_init
                0x00000e7e      0x13a src/ASF/xmega/boards/xmega_a3bu_xplained/init.o
                0x00000e7e                board_init
 .text.__vector_14
                0x00000fb8       0x5a src/ASF/xmega/drivers/tc/tc.o
                0x00000fb8                __vector_14
 .text.__vector_15
                0x00001012       0x5a src/ASF/xmega/drivers/tc/tc.o
                0x00001012                __vector_15
 .text.__vector_16
                0x0000106c       0x5a src/ASF/xmega/drivers/tc/tc.o
                0x0000106c                __vector_16
 .text.__vector_17
                0x000010c6       0x5a src/ASF/xmega/drivers/tc/tc.o
                0x000010c6                __vector_17
 .text.__vector_18
                0x00001120       0x5a src/ASF/xmega/drivers/tc/tc.o
                0x00001120                __vector_18
 .text.__vector_19
                0x0000117a       0x5a src/ASF/xmega/drivers/tc/tc.o
                0x0000117a                __vector_19
 .text.__vector_20
                0x000011d4       0x5a src/ASF/xmega/drivers/tc/tc.o
                0x000011d4                __vector_20
 .text.__vector_21
                0x0000122e       0x5a src/ASF/xmega/drivers/tc/tc.o
                0x0000122e                __vector_21
 .text.__vector_22
                0x00001288       0x5a src/ASF/xmega/drivers/tc/tc.o
                0x00001288                __vector_22
 .text.__vector_23
                0x000012e2       0x5a src/ASF/xmega/drivers/tc/tc.o
                0x000012e2                __vector_23
 .text.__vector_77
                0x0000133c       0x5a src/ASF/xmega/drivers/tc/tc.o
                0x0000133c                __vector_77
 .text.__vector_78
                0x00001396       0x5a src/ASF/xmega/drivers/tc/tc.o
                0x00001396                __vector_78
 .text.__vector_79
                0x000013f0       0x5a src/ASF/xmega/drivers/tc/tc.o
                0x000013f0                __vector_79
 .text.__vector_80
                0x0000144a       0x5a src/ASF/xmega/drivers/tc/tc.o
                0x0000144a                __vector_80
 .text.__vector_81
                0x000014a4       0x5a src/ASF/xmega/drivers/tc/tc.o
                0x000014a4                __vector_81
 .text.__vector_82
                0x000014fe       0x5a src/ASF/xmega/drivers/tc/tc.o
                0x000014fe                __vector_82
 .text.__vector_83
                0x00001558       0x5a src/ASF/xmega/drivers/tc/tc.o
                0x00001558                __vector_83
 .text.__vector_84
                0x000015b2       0x5a src/ASF/xmega/drivers/tc/tc.o
                0x000015b2                __vector_84
 .text.__vector_85
                0x0000160c       0x5a src/ASF/xmega/drivers/tc/tc.o
                0x0000160c                __vector_85
 .text.__vector_86
                0x00001666       0x5a src/ASF/xmega/drivers/tc/tc.o
                0x00001666                __vector_86
 .text.__vector_47
                0x000016c0       0x5a src/ASF/xmega/drivers/tc/tc.o
                0x000016c0                __vector_47
 .text.__vector_48
                0x0000171a       0x5a src/ASF/xmega/drivers/tc/tc.o
                0x0000171a                __vector_48
 .text.__vector_49
                0x00001774       0x5a src/ASF/xmega/drivers/tc/tc.o
                0x00001774                __vector_49
 .text.__vector_50
                0x000017ce       0x5a src/ASF/xmega/drivers/tc/tc.o
                0x000017ce                __vector_50
 .text.__vector_51
                0x00001828       0x5a src/ASF/xmega/drivers/tc/tc.o
                0x00001828                __vector_51
 .text.__vector_52
                0x00001882       0x5a src/ASF/xmega/drivers/tc/tc.o
                0x00001882                __vector_52
 .text.__vector_53
                0x000018dc       0x5a src/ASF/xmega/drivers/tc/tc.o
                0x000018dc                __vector_53
 .text.__vector_54
                0x00001936       0x5a src/ASF/xmega/drivers/tc/tc.o
                0x00001936                __vector_54
 .text.__vector_55
                0x00001990       0x5a src/ASF/xmega/drivers/tc/tc.o
                0x00001990                __vector_55
 .text.__vector_56
                0x000019ea       0x5a src/ASF/xmega/drivers/tc/tc.o
                0x000019ea                __vector_56
 .text.__vector_108
                0x00001a44       0x5a src/ASF/xmega/drivers/tc/tc.o
                0x00001a44                __vector_108
 .text.__vector_109
                0x00001a9e       0x5a src/ASF/xmega/drivers/tc/tc.o
                0x00001a9e                __vector_109
 .text.__vector_110
                0x00001af8       0x5a src/ASF/xmega/drivers/tc/tc.o
                0x00001af8                __vector_110
 .text.__vector_111
                0x00001b52       0x5a src/ASF/xmega/drivers/tc/tc.o
                0x00001b52                __vector_111
 .text.__vector_112
                0x00001bac       0x5a src/ASF/xmega/drivers/tc/tc.o
                0x00001bac                __vector_112
 .text.__vector_113
                0x00001c06       0x5a src/ASF/xmega/drivers/tc/tc.o
                0x00001c06                __vector_113
 .text.tc_enable
                0x00001c60       0xfe src/ASF/xmega/drivers/tc/tc.o
                0x00001c60                tc_enable
 .text.tc_set_overflow_interrupt_callback
                0x00001d5e       0x7c src/ASF/xmega/drivers/tc/tc.o
                0x00001d5e                tc_set_overflow_interrupt_callback
 .text.usart_getchar
                0x00001dda        0xc src/ASF/xmega/drivers/usart/usart.o
                0x00001dda                usart_getchar
 .text.usart_set_baudrate
                0x00001de6      0x21e src/ASF/xmega/drivers/usart/usart.o
                0x00001de6                usart_set_baudrate
 .text.usart_init_rs232
                0x00002004      0x25c src/ASF/xmega/drivers/usart/usart.o
                0x00002004                usart_init_rs232
 .text.usart_spi_set_baudrate
                0x00002260       0x62 src/ASF/xmega/drivers/usart/usart.o
                0x00002260                usart_spi_set_baudrate
 .text.usart_init_spi
                0x000022c2      0x402 src/ASF/xmega/drivers/usart/usart.o
                0x000022c2                usart_init_spi
 .text.__portable_avr_delay_cycles
                0x000026c4       0x16 src/main.o
 .text.print_message
                0x000026da       0x14 src/main.o
                0x000026da                print_message
 .text.setUpSerial
                0x000026ee       0x1c src/main.o
                0x000026ee                setUpSerial
 .text.receiveString
                0x0000270a       0x56 src/main.o
                0x0000270a                receiveString
 .text.setup_timer
                0x00002760       0x38 src/main.o
                0x00002760                setup_timer
 .text.main     0x00002798      0x51a src/main.o
                0x00002798                main
 .text.libgcc.div
                0x00002cb2       0x44 c:/program files (x86)/atmel/studio/7.0/toolchain/avr8/avr8-gnu-toolchain/bin/../lib/gcc/avr/5.4.0/avrxmega6\libgcc.a(_udivmodsi4.o)
                0x00002cb2                __udivmodsi4
 .text.avr-libc
                0x00002cf6       0x12 c:/program files (x86)/atmel/studio/7.0/toolchain/avr8/avr8-gnu-toolchain/bin/../lib/gcc/avr/5.4.0/../../../../avr/lib/avrxmega6\libc.a(strcmp.o)
                0x00002cf6                strcmp
 .text.avr-libc
                0x00002d08       0x6c c:/program files (x86)/atmel/studio/7.0/toolchain/avr8/avr8-gnu-toolchain/bin/../lib/gcc/avr/5.4.0/../../../../avr/lib/avrxmega6\libc.a(snprintf.o)
                0x00002d08                snprintf
 .text.avr-libc
                0x00002d74      0x3ee c:/program files (x86)/atmel/studio/7.0/toolchain/avr8/avr8-gnu-toolchain/bin/../lib/gcc/avr/5.4.0/../../../../avr/lib/avrxmega6\libc.a(vfprintf_std.o)
                0x00002d74                vfprintf
 .text.avr-libc
                0x00003162       0x16 c:/program files (x86)/atmel/studio/7.0/toolchain/avr8/avr8-gnu-toolchain/bin/../lib/gcc/avr/5.4.0/../../../../avr/lib/avrxmega6\libc.a(strnlen_P.o)
                0x00003162                strnlen_P
 .text.avr-libc
                0x00003178       0x16 c:/program files (x86)/atmel/studio/7.0/toolchain/avr8/avr8-gnu-toolchain/bin/../lib/gcc/avr/5.4.0/../../../../avr/lib/avrxmega6\libc.a(strnlen.o)
                0x00003178                strnlen
 .text.avr-libc
                0x0000318e       0x78 c:/program files (x86)/atmel/studio/7.0/toolchain/avr8/avr8-gnu-toolchain/bin/../lib/gcc/avr/5.4.0/../../../../avr/lib/avrxmega6\libc.a(fputc.o)
                0x0000318e                fputc
 .text.avr-libc
                0x00003206       0xbc c:/program files (x86)/atmel/studio/7.0/toolchain/avr8/avr8-gnu-toolchain/bin/../lib/gcc/avr/5.4.0/../../../../avr/lib/avrxmega6\libc.a(ultoa_invert.o)
                0x00003206                __ultoa_invert
                0x000032c2                . = ALIGN (0x2)
 *(.fini9)
 .fini9         0x000032c2        0x0 c:/program files (x86)/atmel/studio/7.0/toolchain/avr8/avr8-gnu-toolchain/bin/../lib/gcc/avr/5.4.0/avrxmega6\libgcc.a(_exit.o)
                0x000032c2                _exit
                0x000032c2                exit
 *(.fini9)
 *(.fini8)
 *(.fini8)
 *(.fini7)
 *(.fini7)
 *(.fini6)
 *(.fini6)
 *(.fini5)
 *(.fini5)
 *(.fini4)
 *(.fini4)
 *(.fini3)
 *(.fini3)
 *(.fini2)
 *(.fini2)
 *(.fini1)
 *(.fini1)
 *(.fini0)
 .fini0         0x000032c2        0x4 c:/program files (x86)/atmel/studio/7.0/toolchain/avr8/avr8-gnu-toolchain/bin/../lib/gcc/avr/5.4.0/avrxmega6\libgcc.a(_exit.o)
 *(.fini0)
                0x000032c6                _etext = .

.data           0x00802000       0x7c load address 0x000032c6
                0x00802000                PROVIDE (__data_start, .)
 *(.data)
 *(.data*)
 .data.sysfont  0x00802000        0x7 src/ASF/common/services/gfx_mono/sysfont.o
                0x00802000                sysfont
 .data.USART_SERIAL_OPTIONS.6133
                0x00802007        0x7 src/main.o
 .data.str2     0x0080200e        0x2 src/main.o
                0x0080200e                str2
 .data.str1     0x00802010        0x2 src/main.o
                0x00802010                str1
 .data.in       0x00802012        0x1 src/main.o
                0x00802012                in
 *(.gnu.linkonce.d*)
 *(.rodata)
 *(.rodata*)
 .rodata.str1.1
                0x00802013       0x68 src/main.o
 *(.gnu.linkonce.r*)
                0x0080207c                . = ALIGN (0x2)
 *fill*         0x0080207b        0x1 
                0x0080207c                _edata = .
                0x0080207c                PROVIDE (__data_end, .)

.bss            0x0080207c      0x449
                0x0080207c                PROVIDE (__bss_start, .)
 *(.bss)
 *(.bss*)
 .bss.framebuffer
                0x0080207c      0x200 src/ASF/common/services/gfx_mono/gfx_mono_c12832_a1z.o
 .bss.fbpointer
                0x0080227c        0x2 src/ASF/common/services/gfx_mono/gfx_mono_framebuffer.o
 .bss.tc_tcf0_ccd_callback
                0x0080227e        0x2 src/ASF/xmega/drivers/tc/tc.o
 .bss.tc_tcf0_ccc_callback
                0x00802280        0x2 src/ASF/xmega/drivers/tc/tc.o
 .bss.tc_tcf0_ccb_callback
                0x00802282        0x2 src/ASF/xmega/drivers/tc/tc.o
 .bss.tc_tcf0_cca_callback
                0x00802284        0x2 src/ASF/xmega/drivers/tc/tc.o
 .bss.tc_tcf0_err_callback
                0x00802286        0x2 src/ASF/xmega/drivers/tc/tc.o
 .bss.tc_tcf0_ovf_callback
                0x00802288        0x2 src/ASF/xmega/drivers/tc/tc.o
 .bss.tc_tce1_ccb_callback
                0x0080228a        0x2 src/ASF/xmega/drivers/tc/tc.o
 .bss.tc_tce1_cca_callback
                0x0080228c        0x2 src/ASF/xmega/drivers/tc/tc.o
 .bss.tc_tce1_err_callback
                0x0080228e        0x2 src/ASF/xmega/drivers/tc/tc.o
 .bss.tc_tce1_ovf_callback
                0x00802290        0x2 src/ASF/xmega/drivers/tc/tc.o
 .bss.tc_tce0_ccd_callback
                0x00802292        0x2 src/ASF/xmega/drivers/tc/tc.o
 .bss.tc_tce0_ccc_callback
                0x00802294        0x2 src/ASF/xmega/drivers/tc/tc.o
 .bss.tc_tce0_ccb_callback
                0x00802296        0x2 src/ASF/xmega/drivers/tc/tc.o
 .bss.tc_tce0_cca_callback
                0x00802298        0x2 src/ASF/xmega/drivers/tc/tc.o
 .bss.tc_tce0_err_callback
                0x0080229a        0x2 src/ASF/xmega/drivers/tc/tc.o
 .bss.tc_tce0_ovf_callback
                0x0080229c        0x2 src/ASF/xmega/drivers/tc/tc.o
 .bss.tc_tcd1_ccb_callback
                0x0080229e        0x2 src/ASF/xmega/drivers/tc/tc.o
 .bss.tc_tcd1_cca_callback
                0x008022a0        0x2 src/ASF/xmega/drivers/tc/tc.o
 .bss.tc_tcd1_err_callback
                0x008022a2        0x2 src/ASF/xmega/drivers/tc/tc.o
 .bss.tc_tcd1_ovf_callback
                0x008022a4        0x2 src/ASF/xmega/drivers/tc/tc.o
 .bss.tc_tcd0_ccd_callback
                0x008022a6        0x2 src/ASF/xmega/drivers/tc/tc.o
 .bss.tc_tcd0_ccc_callback
                0x008022a8        0x2 src/ASF/xmega/drivers/tc/tc.o
 .bss.tc_tcd0_ccb_callback
                0x008022aa        0x2 src/ASF/xmega/drivers/tc/tc.o
 .bss.tc_tcd0_cca_callback
                0x008022ac        0x2 src/ASF/xmega/drivers/tc/tc.o
 .bss.tc_tcd0_err_callback
                0x008022ae        0x2 src/ASF/xmega/drivers/tc/tc.o
 .bss.tc_tcd0_ovf_callback
                0x008022b0        0x2 src/ASF/xmega/drivers/tc/tc.o
 .bss.tc_tcc1_ccb_callback
                0x008022b2        0x2 src/ASF/xmega/drivers/tc/tc.o
 .bss.tc_tcc1_cca_callback
                0x008022b4        0x2 src/ASF/xmega/drivers/tc/tc.o
 .bss.tc_tcc1_err_callback
                0x008022b6        0x2 src/ASF/xmega/drivers/tc/tc.o
 .bss.tc_tcc1_ovf_callback
                0x008022b8        0x2 src/ASF/xmega/drivers/tc/tc.o
 .bss.tc_tcc0_ccd_callback
                0x008022ba        0x2 src/ASF/xmega/drivers/tc/tc.o
 .bss.tc_tcc0_ccc_callback
                0x008022bc        0x2 src/ASF/xmega/drivers/tc/tc.o
 .bss.tc_tcc0_ccb_callback
                0x008022be        0x2 src/ASF/xmega/drivers/tc/tc.o
 .bss.tc_tcc0_cca_callback
                0x008022c0        0x2 src/ASF/xmega/drivers/tc/tc.o
 .bss.tc_tcc0_err_callback
                0x008022c2        0x2 src/ASF/xmega/drivers/tc/tc.o
 .bss.tc_tcc0_ovf_callback
                0x008022c4        0x2 src/ASF/xmega/drivers/tc/tc.o
 .bss.buffarray
                0x008022c6       0xc8 src/main.o
 .bss.incremental
                0x0080238e        0x2 src/main.o
                0x0080238e                incremental
 .bss.score     0x00802390        0x2 src/main.o
                0x00802390                score
 .bss.reads     0x00802392       0x64 src/main.o
 .bss.strbuf    0x008023f6       0xc9 src/main.o
 *(COMMON)
 COMMON         0x008024bf        0x6 src/ASF/common/services/sleepmgr/xmega/sleepmgr.o
                0x008024bf                sleepmgr_locks
                0x008024c5                PROVIDE (__bss_end, .)
                0x000032c6                __data_load_start = LOADADDR (.data)
                0x00003342                __data_load_end = (__data_load_start + SIZEOF (.data))

.noinit         0x008024c5        0x0
                [!provide]                PROVIDE (__noinit_start, .)
 *(.noinit*)
                [!provide]                PROVIDE (__noinit_end, .)
                0x008024c5                _end = .
                [!provide]                PROVIDE (__heap_start, .)

.eeprom         0x00810000        0x0
 *(.eeprom*)
                0x00810000                __eeprom_end = .

.fuse
 *(.fuse)
 *(.lfuse)
 *(.hfuse)
 *(.efuse)

.lock
 *(.lock*)

.signature
 *(.signature*)

.user_signatures
 *(.user_signatures*)

.stab
 *(.stab)

.stabstr
 *(.stabstr)

.stab.excl
 *(.stab.excl)

.stab.exclstr
 *(.stab.exclstr)

.stab.index
 *(.stab.index)

.stab.indexstr
 *(.stab.indexstr)

.comment        0x00000000       0x5c
 *(.comment)
 .comment       0x00000000       0x30 src/ASF/common/components/display/st7565r/st7565r.o
                                 0x31 (size before relaxing)
 .comment       0x00000030       0x31 src/ASF/common/services/clock/xmega/sysclk.o
 .comment       0x00000030       0x31 src/ASF/common/services/gfx_mono/gfx_mono_c12832_a1z.o
 .comment       0x00000030       0x31 src/ASF/common/services/gfx_mono/gfx_mono_framebuffer.o
 .comment       0x00000030       0x31 src/ASF/common/services/gfx_mono/gfx_mono_generic.o
 .comment       0x00000030       0x31 src/ASF/common/services/gfx_mono/gfx_mono_text.o
 .comment       0x00000030       0x31 src/ASF/common/services/gfx_mono/sysfont.o
 .comment       0x00000030       0x31 src/ASF/common/services/ioport/xmega/ioport_compat.o
 .comment       0x00000030       0x31 src/ASF/common/services/sleepmgr/xmega/sleepmgr.o
 .comment       0x00000030       0x31 src/ASF/common/services/spi/xmega_usart_spi/usart_spi.o
 .comment       0x00000030       0x31 src/ASF/xmega/boards/xmega_a3bu_xplained/init.o
 .comment       0x00000030       0x31 src/ASF/xmega/drivers/tc/tc.o
 .comment       0x00000030       0x31 src/ASF/xmega/drivers/usart/usart.o
 .comment       0x00000030       0x31 src/main.o
 .comment       0x00000030       0x31 c:/program files (x86)/atmel/studio/7.0/toolchain/avr8/avr8-gnu-toolchain/bin/../lib/gcc/avr/5.4.0/../../../../avr/lib/avrxmega6\libc.a(snprintf.o)
 .comment       0x00000030       0x2c c:/program files (x86)/atmel/studio/7.0/toolchain/avr8/avr8-gnu-toolchain/bin/../lib/gcc/avr/5.4.0/../../../../avr/lib/avrxmega6\libc.a(vfprintf_std.o)
                                 0x2d (size before relaxing)
 .comment       0x0000005c       0x31 c:/program files (x86)/atmel/studio/7.0/toolchain/avr8/avr8-gnu-toolchain/bin/../lib/gcc/avr/5.4.0/../../../../avr/lib/avrxmega6\libc.a(fputc.o)

.note.gnu.avr.deviceinfo
                0x00000000       0x44
 .note.gnu.avr.deviceinfo
                0x00000000       0x44 C:/Program Files (x86)/Atmel/Studio/7.0/Packs/atmel/XMEGAA_DFP/1.3.146/gcc/dev/atxmega256a3bu/avrxmega6/crtatxmega256a3bu.o

.note.gnu.build-id
 *(.note.gnu.build-id)

.debug
 *(.debug)

.line
 *(.line)

.debug_srcinfo
 *(.debug_srcinfo)

.debug_sfnames
 *(.debug_sfnames)

.debug_aranges  0x00000000      0x4a0
 *(.debug_aranges)
 .debug_aranges
                0x00000000       0x28 src/ASF/common/components/display/st7565r/st7565r.o
 .debug_aranges
                0x00000028       0x40 src/ASF/common/services/clock/xmega/sysclk.o
 .debug_aranges
                0x00000068       0x60 src/ASF/common/services/gfx_mono/gfx_mono_c12832_a1z.o
 .debug_aranges
                0x000000c8       0x58 src/ASF/common/services/gfx_mono/gfx_mono_framebuffer.o
 .debug_aranges
                0x00000120       0x58 src/ASF/common/services/gfx_mono/gfx_mono_generic.o
 .debug_aranges
                0x00000178       0x40 src/ASF/common/services/gfx_mono/gfx_mono_text.o
 .debug_aranges
                0x000001b8       0x18 src/ASF/common/services/gfx_mono/sysfont.o
 .debug_aranges
                0x000001d0       0x20 src/ASF/common/services/ioport/xmega/ioport_compat.o
 .debug_aranges
                0x000001f0       0x18 src/ASF/common/services/sleepmgr/xmega/sleepmgr.o
 .debug_aranges
                0x00000208       0x48 src/ASF/common/services/spi/xmega_usart_spi/usart_spi.o
 .debug_aranges
                0x00000250       0x20 src/ASF/xmega/boards/xmega_a3bu_xplained/init.o
 .debug_aranges
                0x00000270      0x178 src/ASF/xmega/drivers/tc/tc.o
 .debug_aranges
                0x000003e8       0x58 src/ASF/xmega/drivers/usart/usart.o
 .debug_aranges
                0x00000440       0x60 src/main.o

.debug_pubnames
 *(.debug_pubnames)

.debug_info     0x00000000    0x10221
 *(.debug_info .gnu.linkonce.wi.*)
 .debug_info    0x00000000     0x3379 C:/Program Files (x86)/Atmel/Studio/7.0/Packs/atmel/XMEGAA_DFP/1.3.146/gcc/dev/atxmega256a3bu/avrxmega6/crtatxmega256a3bu.o
 .debug_info    0x00003379     0x1964 src/ASF/common/components/display/st7565r/st7565r.o
 .debug_info    0x00004cdd      0x71c src/ASF/common/services/clock/xmega/sysclk.o
 .debug_info    0x000053f9     0x1e01 src/ASF/common/services/gfx_mono/gfx_mono_c12832_a1z.o
 .debug_info    0x000071fa      0x487 src/ASF/common/services/gfx_mono/gfx_mono_framebuffer.o
 .debug_info    0x00007681      0xc0a src/ASF/common/services/gfx_mono/gfx_mono_generic.o
 .debug_info    0x0000828b      0x715 src/ASF/common/services/gfx_mono/gfx_mono_text.o
 .debug_info    0x000089a0      0x1af src/ASF/common/services/gfx_mono/sysfont.o
 .debug_info    0x00008b4f      0x121 src/ASF/common/services/ioport/xmega/ioport_compat.o
 .debug_info    0x00008c70      0x129 src/ASF/common/services/sleepmgr/xmega/sleepmgr.o
 .debug_info    0x00008d99      0xb9d src/ASF/common/services/spi/xmega_usart_spi/usart_spi.o
 .debug_info    0x00009936      0xb05 src/ASF/xmega/boards/xmega_a3bu_xplained/init.o
 .debug_info    0x0000a43b     0x16ba src/ASF/xmega/drivers/tc/tc.o
 .debug_info    0x0000baf5     0x2933 src/ASF/xmega/drivers/usart/usart.o
 .debug_info    0x0000e428     0x1df9 src/main.o

.debug_abbrev   0x00000000     0x4f9c
 *(.debug_abbrev)
 .debug_abbrev  0x00000000     0x30c4 C:/Program Files (x86)/Atmel/Studio/7.0/Packs/atmel/XMEGAA_DFP/1.3.146/gcc/dev/atxmega256a3bu/avrxmega6/crtatxmega256a3bu.o
 .debug_abbrev  0x000030c4      0x2a0 src/ASF/common/components/display/st7565r/st7565r.o
 .debug_abbrev  0x00003364      0x218 src/ASF/common/services/clock/xmega/sysclk.o
 .debug_abbrev  0x0000357c      0x385 src/ASF/common/services/gfx_mono/gfx_mono_c12832_a1z.o
 .debug_abbrev  0x00003901      0x174 src/ASF/common/services/gfx_mono/gfx_mono_framebuffer.o
 .debug_abbrev  0x00003a75      0x1ac src/ASF/common/services/gfx_mono/gfx_mono_generic.o
 .debug_abbrev  0x00003c21      0x22b src/ASF/common/services/gfx_mono/gfx_mono_text.o
 .debug_abbrev  0x00003e4c       0xe2 src/ASF/common/services/gfx_mono/sysfont.o
 .debug_abbrev  0x00003f2e       0x95 src/ASF/common/services/ioport/xmega/ioport_compat.o
 .debug_abbrev  0x00003fc3       0x84 src/ASF/common/services/sleepmgr/xmega/sleepmgr.o
 .debug_abbrev  0x00004047      0x2d8 src/ASF/common/services/spi/xmega_usart_spi/usart_spi.o
 .debug_abbrev  0x0000431f      0x15c src/ASF/xmega/boards/xmega_a3bu_xplained/init.o
 .debug_abbrev  0x0000447b      0x2a4 src/ASF/xmega/drivers/tc/tc.o
 .debug_abbrev  0x0000471f      0x3f5 src/ASF/xmega/drivers/usart/usart.o
 .debug_abbrev  0x00004b14      0x488 src/main.o

.debug_line     0x00000000     0x894d
 *(.debug_line .debug_line.* .debug_line_end)
 .debug_line    0x00000000      0x39d C:/Program Files (x86)/Atmel/Studio/7.0/Packs/atmel/XMEGAA_DFP/1.3.146/gcc/dev/atxmega256a3bu/avrxmega6/crtatxmega256a3bu.o
 .debug_line    0x0000039d      0xac4 src/ASF/common/components/display/st7565r/st7565r.o
 .debug_line    0x00000e61      0x631 src/ASF/common/services/clock/xmega/sysclk.o
 .debug_line    0x00001492      0xda8 src/ASF/common/services/gfx_mono/gfx_mono_c12832_a1z.o
 .debug_line    0x0000223a      0x919 src/ASF/common/services/gfx_mono/gfx_mono_framebuffer.o
 .debug_line    0x00002b53      0xc05 src/ASF/common/services/gfx_mono/gfx_mono_generic.o
 .debug_line    0x00003758      0x9a3 src/ASF/common/services/gfx_mono/gfx_mono_text.o
 .debug_line    0x000040fb      0x7c3 src/ASF/common/services/gfx_mono/sysfont.o
 .debug_line    0x000048be      0x4b5 src/ASF/common/services/ioport/xmega/ioport_compat.o
 .debug_line    0x00004d73      0x458 src/ASF/common/services/sleepmgr/xmega/sleepmgr.o
 .debug_line    0x000051cb      0x7d7 src/ASF/common/services/spi/xmega_usart_spi/usart_spi.o
 .debug_line    0x000059a2      0x4e0 src/ASF/xmega/boards/xmega_a3bu_xplained/init.o
 .debug_line    0x00005e82      0xed3 src/ASF/xmega/drivers/tc/tc.o
 .debug_line    0x00006d55      0xc9e src/ASF/xmega/drivers/usart/usart.o
 .debug_line    0x000079f3      0xf5a src/main.o

.debug_frame    0x00000000     0x16b4
 *(.debug_frame)
 .debug_frame   0x00000000       0x68 src/ASF/common/components/display/st7565r/st7565r.o
 .debug_frame   0x00000068       0x94 src/ASF/common/services/clock/xmega/sysclk.o
 .debug_frame   0x000000fc      0x1b4 src/ASF/common/services/gfx_mono/gfx_mono_c12832_a1z.o
 .debug_frame   0x000002b0       0xd0 src/ASF/common/services/gfx_mono/gfx_mono_framebuffer.o
 .debug_frame   0x00000380      0x214 src/ASF/common/services/gfx_mono/gfx_mono_generic.o
 .debug_frame   0x00000594      0x100 src/ASF/common/services/gfx_mono/gfx_mono_text.o
 .debug_frame   0x00000694       0x30 src/ASF/common/services/ioport/xmega/ioport_compat.o
 .debug_frame   0x000006c4       0x90 src/ASF/common/services/spi/xmega_usart_spi/usart_spi.o
 .debug_frame   0x00000754       0x24 src/ASF/xmega/boards/xmega_a3bu_xplained/init.o
 .debug_frame   0x00000778      0xd24 src/ASF/xmega/drivers/tc/tc.o
 .debug_frame   0x0000149c      0x14c src/ASF/xmega/drivers/usart/usart.o
 .debug_frame   0x000015e8       0xcc src/main.o

.debug_str      0x00000000    0x33881
 *(.debug_str)
 .debug_str     0x00000000     0x21e4 C:/Program Files (x86)/Atmel/Studio/7.0/Packs/atmel/XMEGAA_DFP/1.3.146/gcc/dev/atxmega256a3bu/avrxmega6/crtatxmega256a3bu.o
 .debug_str     0x000021e4    0x2c89d src/ASF/common/components/display/st7565r/st7565r.o
                              0x2d0f2 (size before relaxing)
 .debug_str     0x0002ea81      0x3a9 src/ASF/common/services/clock/xmega/sysclk.o
                              0x2bee5 (size before relaxing)
 .debug_str     0x0002ee2a      0xc05 src/ASF/common/services/gfx_mono/gfx_mono_c12832_a1z.o
                              0x2d9f3 (size before relaxing)
 .debug_str     0x0002fa2f       0xba src/ASF/common/services/gfx_mono/gfx_mono_framebuffer.o
                              0x2d622 (size before relaxing)
 .debug_str     0x0002fae9      0x225 src/ASF/common/services/gfx_mono/gfx_mono_generic.o
                              0x2d765 (size before relaxing)
 .debug_str     0x0002fd0e      0x233 src/ASF/common/services/gfx_mono/gfx_mono_text.o
                              0x2d6f9 (size before relaxing)
 .debug_str     0x0002ff41     0x10b0 src/ASF/common/services/gfx_mono/sysfont.o
                              0x2e556 (size before relaxing)
 .debug_str     0x00030ff1       0xab src/ASF/common/services/ioport/xmega/ioport_compat.o
                              0x29b6c (size before relaxing)
 .debug_str     0x0003109c      0x3d4 src/ASF/common/services/sleepmgr/xmega/sleepmgr.o
                              0x298b5 (size before relaxing)
 .debug_str     0x00031470      0x1d1 src/ASF/common/services/spi/xmega_usart_spi/usart_spi.o
                              0x2c6c7 (size before relaxing)
 .debug_str     0x00031641       0xf7 src/ASF/xmega/boards/xmega_a3bu_xplained/init.o
                              0x2b80d (size before relaxing)
 .debug_str     0x00031738      0x89d src/ASF/xmega/drivers/tc/tc.o
                              0x2c724 (size before relaxing)
 .debug_str     0x00031fd5      0x74b src/ASF/xmega/drivers/usart/usart.o
                              0x2cfe9 (size before relaxing)
 .debug_str     0x00032720     0x1161 src/main.o
                              0x303cc (size before relaxing)

.debug_loc      0x00000000     0x7dd7
 *(.debug_loc)
 .debug_loc     0x00000000      0x7c9 src/ASF/common/components/display/st7565r/st7565r.o
 .debug_loc     0x000007c9      0x2c5 src/ASF/common/services/clock/xmega/sysclk.o
 .debug_loc     0x00000a8e     0x1382 src/ASF/common/services/gfx_mono/gfx_mono_c12832_a1z.o
 .debug_loc     0x00001e10      0x61c src/ASF/common/services/gfx_mono/gfx_mono_framebuffer.o
 .debug_loc     0x0000242c     0x11c5 src/ASF/common/services/gfx_mono/gfx_mono_generic.o
 .debug_loc     0x000035f1      0x9a2 src/ASF/common/services/gfx_mono/gfx_mono_text.o
 .debug_loc     0x00003f93       0x66 src/ASF/common/services/ioport/xmega/ioport_compat.o
 .debug_loc     0x00003ff9      0x56c src/ASF/common/services/spi/xmega_usart_spi/usart_spi.o
 .debug_loc     0x00004565      0x3fa src/ASF/xmega/boards/xmega_a3bu_xplained/init.o
 .debug_loc     0x0000495f     0x1df6 src/ASF/xmega/drivers/tc/tc.o
 .debug_loc     0x00006755      0xe14 src/ASF/xmega/drivers/usart/usart.o
 .debug_loc     0x00007569      0x86e src/main.o

.debug_macinfo
 *(.debug_macinfo)

.debug_weaknames
 *(.debug_weaknames)

.debug_funcnames
 *(.debug_funcnames)

.debug_typenames
 *(.debug_typenames)

.debug_varnames
 *(.debug_varnames)

.debug_pubtypes
 *(.debug_pubtypes)

.debug_ranges   0x00000000      0x680
 *(.debug_ranges)
 .debug_ranges  0x00000000       0x18 src/ASF/common/components/display/st7565r/st7565r.o
 .debug_ranges  0x00000018       0x30 src/ASF/common/services/clock/xmega/sysclk.o
 .debug_ranges  0x00000048      0x188 src/ASF/common/services/gfx_mono/gfx_mono_c12832_a1z.o
 .debug_ranges  0x000001d0       0x48 src/ASF/common/services/gfx_mono/gfx_mono_framebuffer.o
 .debug_ranges  0x00000218       0x48 src/ASF/common/services/gfx_mono/gfx_mono_generic.o
 .debug_ranges  0x00000260       0x30 src/ASF/common/services/gfx_mono/gfx_mono_text.o
 .debug_ranges  0x00000290       0x10 src/ASF/common/services/ioport/xmega/ioport_compat.o
 .debug_ranges  0x000002a0       0x98 src/ASF/common/services/spi/xmega_usart_spi/usart_spi.o
 .debug_ranges  0x00000338       0x10 src/ASF/xmega/boards/xmega_a3bu_xplained/init.o
 .debug_ranges  0x00000348      0x168 src/ASF/xmega/drivers/tc/tc.o
 .debug_ranges  0x000004b0       0x80 src/ASF/xmega/drivers/usart/usart.o
 .debug_ranges  0x00000530      0x150 src/main.o

.debug_macro    0x00000000     0xc37c
 *(.debug_macro)
 .debug_macro   0x00000000      0x276 src/ASF/common/components/display/st7565r/st7565r.o
 .debug_macro   0x00000276      0xa9c src/ASF/common/components/display/st7565r/st7565r.o
 .debug_macro   0x00000d12       0x10 src/ASF/common/components/display/st7565r/st7565r.o
 .debug_macro   0x00000d22      0x1c9 src/ASF/common/components/display/st7565r/st7565r.o
 .debug_macro   0x00000eeb      0x2fc src/ASF/common/components/display/st7565r/st7565r.o
 .debug_macro   0x000011e7       0x9e src/ASF/common/components/display/st7565r/st7565r.o
 .debug_macro   0x00001285     0x62b7 src/ASF/common/components/display/st7565r/st7565r.o
 .debug_macro   0x0000753c       0x9a src/ASF/common/components/display/st7565r/st7565r.o
 .debug_macro   0x000075d6       0xf1 src/ASF/common/components/display/st7565r/st7565r.o
 .debug_macro   0x000076c7       0x34 src/ASF/common/components/display/st7565r/st7565r.o
 .debug_macro   0x000076fb       0x16 src/ASF/common/components/display/st7565r/st7565r.o
 .debug_macro   0x00007711       0x18 src/ASF/common/components/display/st7565r/st7565r.o
 .debug_macro   0x00007729       0x5e src/ASF/common/components/display/st7565r/st7565r.o
 .debug_macro   0x00007787       0x10 src/ASF/common/components/display/st7565r/st7565r.o
 .debug_macro   0x00007797       0x22 src/ASF/common/components/display/st7565r/st7565r.o
 .debug_macro   0x000077b9      0x16d src/ASF/common/components/display/st7565r/st7565r.o
 .debug_macro   0x00007926       0x1c src/ASF/common/components/display/st7565r/st7565r.o
 .debug_macro   0x00007942       0x35 src/ASF/common/components/display/st7565r/st7565r.o
 .debug_macro   0x00007977       0x66 src/ASF/common/components/display/st7565r/st7565r.o
 .debug_macro   0x000079dd      0x71d src/ASF/common/components/display/st7565r/st7565r.o
 .debug_macro   0x000080fa       0x96 src/ASF/common/components/display/st7565r/st7565r.o
 .debug_macro   0x00008190       0x17 src/ASF/common/components/display/st7565r/st7565r.o
 .debug_macro   0x000081a7      0x250 src/ASF/common/components/display/st7565r/st7565r.o
 .debug_macro   0x000083f7       0x76 src/ASF/common/components/display/st7565r/st7565r.o
 .debug_macro   0x0000846d       0x16 src/ASF/common/components/display/st7565r/st7565r.o
 .debug_macro   0x00008483      0x6d9 src/ASF/common/components/display/st7565r/st7565r.o
 .debug_macro   0x00008b5c       0x10 src/ASF/common/components/display/st7565r/st7565r.o
 .debug_macro   0x00008b6c      0x175 src/ASF/common/components/display/st7565r/st7565r.o
 .debug_macro   0x00008ce1       0x40 src/ASF/common/components/display/st7565r/st7565r.o
 .debug_macro   0x00008d21       0x69 src/ASF/common/components/display/st7565r/st7565r.o
 .debug_macro   0x00008d8a       0x31 src/ASF/common/components/display/st7565r/st7565r.o
 .debug_macro   0x00008dbb       0xe4 src/ASF/common/components/display/st7565r/st7565r.o
 .debug_macro   0x00008e9f       0x22 src/ASF/common/components/display/st7565r/st7565r.o
 .debug_macro   0x00008ec1      0x2df src/ASF/common/components/display/st7565r/st7565r.o
 .debug_macro   0x000091a0      0x2ff src/ASF/common/components/display/st7565r/st7565r.o
 .debug_macro   0x0000949f       0x79 src/ASF/common/components/display/st7565r/st7565r.o
 .debug_macro   0x00009518       0x2f src/ASF/common/components/display/st7565r/st7565r.o
 .debug_macro   0x00009547      0x154 src/ASF/common/components/display/st7565r/st7565r.o
 .debug_macro   0x0000969b       0x82 src/ASF/common/components/display/st7565r/st7565r.o
 .debug_macro   0x0000971d      0x102 src/ASF/common/components/display/st7565r/st7565r.o
 .debug_macro   0x0000981f       0x28 src/ASF/common/components/display/st7565r/st7565r.o
 .debug_macro   0x00009847       0x22 src/ASF/common/components/display/st7565r/st7565r.o
 .debug_macro   0x00009869       0x3a src/ASF/common/components/display/st7565r/st7565r.o
 .debug_macro   0x000098a3       0xf6 src/ASF/common/components/display/st7565r/st7565r.o
 .debug_macro   0x00009999       0x34 src/ASF/common/components/display/st7565r/st7565r.o
 .debug_macro   0x000099cd       0x2e src/ASF/common/components/display/st7565r/st7565r.o
 .debug_macro   0x000099fb      0x1db src/ASF/common/services/clock/xmega/sysclk.o
 .debug_macro   0x00009bd6       0x26 src/ASF/common/services/clock/xmega/sysclk.o
 .debug_macro   0x00009bfc      0x2ba src/ASF/common/services/gfx_mono/gfx_mono_c12832_a1z.o
 .debug_macro   0x00009eb6       0x75 src/ASF/common/services/gfx_mono/gfx_mono_c12832_a1z.o
 .debug_macro   0x00009f2b       0x88 src/ASF/common/services/gfx_mono/gfx_mono_c12832_a1z.o
 .debug_macro   0x00009fb3      0x2ae src/ASF/common/services/gfx_mono/gfx_mono_framebuffer.o
 .debug_macro   0x0000a261      0x302 src/ASF/common/services/gfx_mono/gfx_mono_framebuffer.o
 .debug_macro   0x0000a563      0x2ae src/ASF/common/services/gfx_mono/gfx_mono_generic.o
 .debug_macro   0x0000a811      0x2d5 src/ASF/common/services/gfx_mono/gfx_mono_text.o
 .debug_macro   0x0000aae6       0xaa src/ASF/common/services/gfx_mono/gfx_mono_text.o
 .debug_macro   0x0000ab90      0x2db src/ASF/common/services/gfx_mono/sysfont.o
 .debug_macro   0x0000ae6b       0x3a src/ASF/common/services/gfx_mono/sysfont.o
 .debug_macro   0x0000aea5      0x193 src/ASF/common/services/ioport/xmega/ioport_compat.o
 .debug_macro   0x0000b038      0x1a3 src/ASF/common/services/sleepmgr/xmega/sleepmgr.o
 .debug_macro   0x0000b1db       0x10 src/ASF/common/services/sleepmgr/xmega/sleepmgr.o
 .debug_macro   0x0000b1eb       0x42 src/ASF/common/services/sleepmgr/xmega/sleepmgr.o
 .debug_macro   0x0000b22d      0x234 src/ASF/common/services/spi/xmega_usart_spi/usart_spi.o
 .debug_macro   0x0000b461      0x1b5 src/ASF/xmega/boards/xmega_a3bu_xplained/init.o
 .debug_macro   0x0000b616       0x2e src/ASF/xmega/boards/xmega_a3bu_xplained/init.o
 .debug_macro   0x0000b644      0x2d9 src/ASF/xmega/boards/xmega_a3bu_xplained/init.o
 .debug_macro   0x0000b91d      0x225 src/ASF/xmega/drivers/tc/tc.o
 .debug_macro   0x0000bb42       0x12 src/ASF/xmega/drivers/tc/tc.o
 .debug_macro   0x0000bb54      0x221 src/ASF/xmega/drivers/usart/usart.o
 .debug_macro   0x0000bd75      0x3e9 src/main.o
 .debug_macro   0x0000c15e       0x34 src/main.o
 .debug_macro   0x0000c192       0x16 src/main.o
 .debug_macro   0x0000c1a8       0x46 src/main.o
 .debug_macro   0x0000c1ee       0x18 src/main.o
 .debug_macro   0x0000c206       0x1c src/main.o
 .debug_macro   0x0000c222       0x58 src/main.o
 .debug_macro   0x0000c27a       0x10 src/main.o
 .debug_macro   0x0000c28a       0xf2 src/main.o
OUTPUT(PraktikumPenggantiUAS2.elf elf32-avr)
LOAD linker stubs

.BOOT           0x00040000        0x0
